=== Trusted Sprinkler Bayesian network (pgmpy) ===

nodes : ['Cloudy', 'Rain', 'Sprinkler', 'WetGrass']
edges : [('Cloudy', 'Rain'), ('Cloudy', 'Sprinkler'), ('Rain', 'WetGrass'), ('Sprinkler', 'WetGrass')]
check_model() : True

--- Section 2: library result vs independent enumeration ---
P(R=1 | W=1)  via pgmpy VE       = 0.704769
P(R=1 | W=1)  via enumeration    = 0.704769
max abs diff                     = 2.22e-16

--- Section 3: four posterior queries ---
P(R=1 | W=1)           = 0.704769
P(S=1 | W=1)           = 0.427846
P(C=1 | W=1)           = 0.574615
P(R=1 | W=1,S=0)       = 0.992202

--- Section 4: MLE estimate of P(R=1 | C=1) vs sample size (true = 0.8) ---
  N =    50   estimate = 0.8261
  N =   200   estimate = 0.7553
  N =  1000   estimate = 0.7725
  N =  5000   estimate = 0.8040

--- Section 4b: sampling variability at N=100, five seeds ---
  seed = 1   estimate = 0.6939
  seed = 2   estimate = 0.7955
  seed = 3   estimate = 0.7447
  seed = 4   estimate = 0.7679
  seed = 5   estimate = 0.7959

--- Section 5: deliberately broken CPT (columns do not sum to 1) ---
broken model correctly rejected: ValueError: Sum or integral of conditional probabilities for node Rain is not equal to 1.

